[root@AKL-1425 ~]# sudo yum remove caddy

Loaded plugins: aliases, fastestmirror, langpacks, product-id, protectbase, search-disabled-repos, subscription-
: manager

This system is not registered with an entitlement server. You can use subscription-manager to register.

Resolving Dependencies
--> Running transaction check
---> Package caddy.x86_64 0:2.7.6-1.el7 will be erased
--> Finished Dependency Resolution
Could not retrieve mirrorlist http://mirrorlist.centos.org/?release=7&arch=x86_64&repo=os&infra=stock error was
14: curl#6 - "Could not resolve host: [mirrorlist.centos.org](http://mirrorlist.centos.org/); Unknown error"
http://mirror.centos.org/centos/7/os/x86_64/repodata/repomd.xml: [Errno 14] HTTP Error 404 - Not Found
Trying other mirror.
To address this issue please refer to the below wiki article

https://wiki.centos.org/yum-errors

If above article doesn't help to resolve this issue please use https://bugs.centos.org/.

http://mirror.centos.org/centos/7/extras/x86_64/repodata/repomd.xml: [Errno 14] HTTP Error 404 - Not Found
Trying other mirror.
Could not retrieve mirrorlist [http://mirrorlist.centos.org?arch=x86_64&release=7&repo=sclo-rh](http://mirrorlist.centos.org/?arch=x86_64&release=7&repo=sclo-rh) error was
14: curl#6 - "Could not resolve host: [mirrorlist.centos.org](http://mirrorlist.centos.org/); Unknown error"
Could not retrieve mirrorlist [http://mirrorlist.centos.org?arch=x86_64&release=7&repo=sclo-sclo](http://mirrorlist.centos.org/?arch=x86_64&release=7&repo=sclo-sclo) error was
14: curl#6 - "Could not resolve host: [mirrorlist.centos.org](http://mirrorlist.centos.org/); Unknown error"
http://mirror.centos.org/centos/7/updates/x86_64/repodata/repomd.xml: [Errno 14] HTTP Error 404 - Not Found
Trying other mirror.
copr:copr.fedorainfracloud.org:group_caddy:caddy/x86_64                                        | 1.8 kB  00:00:00

epel/x86_64/metalink                                                                           | 5.1 kB  00:00:00

epel-subscription-manager/7/x86_64                                                             | 2.9 kB  00:00:00

Could not retrieve mirrorlist http://mirrorlist.centos.org/?release=7&arch=x86_64&repo=extras&infra=stock error was
14: curl#6 - "Could not resolve host: [mirrorlist.centos.org](http://mirrorlist.centos.org/); Unknown error"
nux-dextop/x86_64                                                                              | 2.9 kB  00:00:00

Could not retrieve mirrorlist http://mirrorlist.centos.org/?release=7&arch=x86_64&repo=updates&infra=stock error was
14: curl#6 - "Could not resolve host: [mirrorlist.centos.org](http://mirrorlist.centos.org/); Unknown error"
virtualbox/7/x86_64                                                                            | 2.9 kB  00:00:00

yarn                                                                                           | 2.9 kB  00:00:00

Dependencies Resolved

# ======================================================================================================================
Package Arch Version Repository Size

Removing:
caddy                    x86_64                    2.7.6-1.el7                    installed                     60 M

# Transaction Summary

Remove  1 Package

Installed size: 60 M
Is this ok [y/N]: Exiting on user command
Your transaction was saved, rerun it with:
yum load-transaction /tmp/yum_save_tx.2024-08-04.14-30.cNrkaq.yumtx
[root@AKL-1425 ~]# sudo systemctl stop caddy
[root@AKL-1425 ~]# sudo systemctl disable caddy
[root@AKL-1425 ~]# sudo rm /path/to/caddy/binary
rm: cannot remove ‘/path/to/caddy/binary’: No such file or directory
[root@AKL-1425 ~]# sudo yum remove caddy
Loaded plugins: aliases, fastestmirror, langpacks, product-id, protectbase, search-disabled-repos, subscription-
: manager

This system is not registered with an entitlement server. You can use subscription-manager to register.

Resolving Dependencies
--> Running transaction check
---> Package caddy.x86_64 0:2.7.6-1.el7 will be erased
--> Finished Dependency Resolution
Could not retrieve mirrorlist http://mirrorlist.centos.org/?release=7&arch=x86_64&repo=os&infra=stock error was
14: curl#6 - "Could not resolve host: [mirrorlist.centos.org](http://mirrorlist.centos.org/); Unknown error"
http://mirror.centos.org/centos/7/os/x86_64/repodata/repomd.xml: [Errno 14] HTTP Error 404 - Not Found
Trying other mirror.
To address this issue please refer to the below wiki article

https://wiki.centos.org/yum-errors

If above article doesn't help to resolve this issue please use https://bugs.centos.org/.

http://mirror.centos.org/centos/7/extras/x86_64/repodata/repomd.xml: [Errno 14] HTTP Error 404 - Not Found
Trying other mirror.
Could not retrieve mirrorlist [http://mirrorlist.centos.org?arch=x86_64&release=7&repo=sclo-rh](http://mirrorlist.centos.org/?arch=x86_64&release=7&repo=sclo-rh) error was
14: curl#6 - "Could not resolve host: [mirrorlist.centos.org](http://mirrorlist.centos.org/); Unknown error"
Could not retrieve mirrorlist [http://mirrorlist.centos.org?arch=x86_64&release=7&repo=sclo-sclo](http://mirrorlist.centos.org/?arch=x86_64&release=7&repo=sclo-sclo) error was
14: curl#6 - "Could not resolve host: [mirrorlist.centos.org](http://mirrorlist.centos.org/); Unknown error"
http://mirror.centos.org/centos/7/updates/x86_64/repodata/repomd.xml: [Errno 14] HTTP Error 404 - Not Found
Trying other mirror.
Could not retrieve mirrorlist http://mirrorlist.centos.org/?release=7&arch=x86_64&repo=extras&infra=stock error was
14: curl#6 - "Could not resolve host: [mirrorlist.centos.org](http://mirrorlist.centos.org/); Unknown error"
Could not retrieve mirrorlist http://mirrorlist.centos.org/?release=7&arch=x86_64&repo=updates&infra=stock error was
14: curl#6 - "Could not resolve host: [mirrorlist.centos.org](http://mirrorlist.centos.org/); Unknown error"

Dependencies Resolved

# ======================================================================================================================
Package Arch Version Repository Size

Removing:
caddy                    x86_64                    2.7.6-1.el7                    installed                     60 M

# Transaction Summary

Remove  1 Package

Installed size: 60 M
Is this ok [y/N]: y
Downloading packages:
Running transaction check
Running transaction test
Transaction test succeeded
Running transaction
Warning: RPMDB altered outside of yum.
Erasing    : caddy-2.7.6-1.el7.x86_64                                                                           1/1
Verifying  : caddy-2.7.6-1.el7.x86_64                                                                           1/1

Removed:
caddy.x86_64 0:2.7.6-1.el7

Complete!
