[root@AKL-1425 ~]# caddy reverse-proxy --from [stream.technoharshu.com](http://stream.technoharshu.com/) --to 127.0.0.1:8080
2024/08/04 04:38:58.943 WARN    admin   admin endpoint disabled
2024/08/04 04:38:58.943 INFO    http.auto_https server is listening only on the HTTPS port but has no TLS connection policies; adding one to enable TLS       {"server_name": "proxy", "https_port": 443}
2024/08/04 04:38:58.943 INFO    http.auto_https enabling automatic HTTP->HTTPS redirects        {"server_name": "proxy"}
2024/08/04 04:38:58.943 INFO    tls.cache.maintenance   started background certificate maintenance      {"cache": "0xc000174700"}
2024/08/04 04:38:58.944 INFO    http    enabling HTTP/3 listener        {"addr": ":443"}
2024/08/04 04:38:58.945 INFO    http.log        server running  {"name": "proxy", "protocols": ["h1", "h2", "h3"]}
2024/08/04 04:38:58.945 INFO    http.log        server running  {"name": "remaining_auto_https_redirects", "protocols": ["h1", "h2", "h3"]}
2024/08/04 04:38:58.945 INFO    http    enabling automatic TLS certificate management   {"domains": ["[stream.technoharshu.com](http://stream.technoharshu.com/)"]}
Caddy proxying [https://stream.technoharshu.com](https://stream.technoharshu.com/) -> 127.0.0.1:8080
2024/08/04 04:38:58.946 INFO    tls.obtain      acquiring lock  {"identifier": "[stream.technoharshu.com](http://stream.technoharshu.com/)"}
2024/08/04 04:38:58.950 INFO    tls.obtain      lock acquired   {"identifier": "[stream.technoharshu.com](http://stream.technoharshu.com/)"}
2024/08/04 04:38:58.950 WARN    tls     storage cleaning happened too recently; skipping for now        {"storage": "FileStorage:/root/.local/share/caddy", "instance": "7fbea640-c394-4207-9b25-3faeda85f2f3", "try_again": "2024/08/05 04:38:58.950", "try_again_in": 86399.999999583}
2024/08/04 04:38:58.950 INFO    tls     finished cleaning storage units
2024/08/04 04:38:58.950 INFO    tls.obtain      obtaining certificate   {"identifier": "[stream.technoharshu.com](http://stream.technoharshu.com/)"}
2024/08/04 04:38:58.951 INFO    http    waiting on internal rate limiter        {"identifiers": ["[stream.technoharshu.com](http://stream.technoharshu.com/)"], "ca": "https://acme-v02.api.letsencrypt.org/directory", "account": ""}
2024/08/04 04:38:58.951 INFO    http    done waiting on internal rate limiter   {"identifiers": ["[stream.technoharshu.com](http://stream.technoharshu.com/)"], "ca": "https://acme-v02.api.letsencrypt.org/directory", "account": ""}
2024/08/04 04:39:00.570 INFO    http.acme_client        trying to solve challenge       {"identifier": "[stream.technoharshu.com](http://stream.technoharshu.com/)", "challenge_type": "tls-alpn-01", "ca": "https://acme-v02.api.letsencrypt.org/directory"}
2024/08/04 04:39:01.297 ERROR   http.acme_client        challenge failed        {"identifier": "[stream.technoharshu.com](http://stream.technoharshu.com/)", "challenge_type": "tls-alpn-01", "problem": {"type": "urn:ietf:params:acme:error:connection", "title": "", "detail": "103.108.94.226: Error getting validation data", "instance": "", "subproblems": []}}
2024/08/04 04:39:01.297 ERROR   http.acme_client        validating authorization        {"identifier": "[stream.technoharshu.com](http://stream.technoharshu.com/)", "problem": {"type": "urn:ietf:params:acme:error:connection", "title": "", "detail": "103.108.94.226: Error getting validation data", "instance": "", "subproblems": []}, "order": "https://acme-v02.api.letsencrypt.org/acme/order/1872298357/293268024227", "attempt": 1, "max_attempts": 3}
2024/08/04 04:39:02.904 INFO    http.acme_client        trying to solve challenge       {"identifier": "[stream.technoharshu.com](http://stream.technoharshu.com/)", "challenge_type": "http-01", "ca": "https://acme-v02.api.letsencrypt.org/directory"}
2024/08/04 04:39:03.631 ERROR   http.acme_client        challenge failed        {"identifier": "[stream.technoharshu.com](http://stream.technoharshu.com/)", "challenge_type": "http-01", "problem": {"type": "urn:ietf:params:acme:error:connection", "title": "", "detail": "103.108.94.226: Fetching http://stream.technoharshu.com/.well-known/acme-challenge/rvKMbhq0Q92UUtqvYFd7YI4EbYUTN9TRy7cZllQR6i4: Error getting validation data", "instance": "", "subproblems": []}}
2024/08/04 04:39:03.631 ERROR   http.acme_client        validating authorization        {"identifier": "[stream.technoharshu.com](http://stream.technoharshu.com/)", "problem": {"type": "urn:ietf:params:acme:error:connection", "title": "", "detail": "103.108.94.226: Fetching http://stream.technoharshu.com/.well-known/acme-challenge/rvKMbhq0Q92UUtqvYFd7YI4EbYUTN9TRy7cZllQR6i4: Error getting validation data", "instance": "", "subproblems": []}, "order": "https://acme-v02.api.letsencrypt.org/acme/order/1872298357/293268031217", "attempt": 2, "max_attempts": 3}
2024/08/04 04:39:03.631 ERROR   tls.obtain      could not get certificate from issuer   {"identifier": "[stream.technoharshu.com](http://stream.technoharshu.com/)", "issuer": "acme-v02.api.letsencrypt.org-directory", "error": "HTTP 400 urn:ietf:params:acme:error:connection - 103.108.94.226: Fetching http://stream.technoharshu.com/.well-known/acme-challenge/rvKMbhq0Q92UUtqvYFd7YI4EbYUTN9TRy7cZllQR6i4: Error getting validation data"}
2024/08/04 04:39:03.632 INFO    http    waiting on internal rate limiter        {"identifiers": ["[stream.technoharshu.com](http://stream.technoharshu.com/)"], "ca": "https://acme.zerossl.com/v2/DV90", "account": "[caddy@zerossl.com](mailto:caddy@zerossl.com)"}
2024/08/04 04:39:03.632 INFO    http    done waiting on internal rate limiter   {"identifiers": ["[stream.technoharshu.com](http://stream.technoharshu.com/)"], "ca": "https://acme.zerossl.com/v2/DV90", "account": "[caddy@zerossl.com](mailto:caddy@zerossl.com)"}
2024/08/04 04:39:07.175 INFO    http.acme_client        trying to solve challenge       {"identifier": "[stream.technoharshu.com](http://stream.technoharshu.com/)", "challenge_type": "http-01", "ca": "https://acme.zerossl.com/v2/DV90"}
^C2024/08/04 04:40:27.758       INFO    shutting down   {"signal": "SIGINT"}
2024/08/04 04:40:27.758 WARN    exiting; byeee!! 👋     {"signal": "SIGINT"}
2024/08/04 04:40:27.758 INFO    http    servers shutting down with eternal grace period
2024/08/04 04:40:27.759 INFO    shutdown complete       {"signal": "SIGINT", "exit_code": 0}
[root@AKL-1425 ~]# systemctl daemon-reload[root@AKL-1425 ~]# sudo systemctl status owncast● owncast.service - Owncast Service
Loaded: loaded (/etc/systemd/system/owncast.service; enabled; vendor preset: disabled)
Active: active (running) since Sun 2024-08-04 14:22:45 AEST; 21min ago
Main PID: 26179 (owncast)
CGroup: /system.slice/owncast.service
└─26179 /root/owncast/owncast

Aug 04 14:22:45 AKL-1425 systemd[1]: Started Owncast Service.
Aug 04 14:22:46 AKL-1425 owncast[26179]: time="2024-08-04T14:22:46+10:00" level=info msg="Owncast v0.1.3-linux...a5c)"
Aug 04 14:22:46 AKL-1425 owncast[26179]: time="2024-08-04T14:22:46+10:00" level=info msg="Web server is listen...080."
Aug 04 14:22:46 AKL-1425 owncast[26179]: time="2024-08-04T14:22:46+10:00" level=info msg="Configure this serve...min."
Hint: Some lines were ellipsized, use -l to show in full.
[root@AKL-1425 ~]# sudo systemctl stop owncast
[root@AKL-1425 ~]# sudo systemctl status owncast
● owncast.service - Owncast Service
Loaded: loaded (/etc/systemd/system/owncast.service; enabled; vendor preset: disabled)
Active: inactive (dead) since Sun 2024-08-04 14:44:36 AEST; 1s ago
Process: 26179 ExecStart=/root/owncast/owncast (code=killed, signal=TERM)
Main PID: 26179 (code=killed, signal=TERM)

Aug 04 14:22:45 AKL-1425 systemd[1]: Started Owncast Service.
Aug 04 14:22:46 AKL-1425 owncast[26179]: time="2024-08-04T14:22:46+10:00" level=info msg="Owncast v0.1.3-linux...a5c)"
Aug 04 14:22:46 AKL-1425 owncast[26179]: time="2024-08-04T14:22:46+10:00" level=info msg="Web server is listen...080."
Aug 04 14:22:46 AKL-1425 owncast[26179]: time="2024-08-04T14:22:46+10:00" level=info msg="Configure this serve...min."
Aug 04 14:44:36 AKL-1425 systemd[1]: Stopping Owncast Service...
Aug 04 14:44:36 AKL-1425 systemd[1]: Stopped Owncast Service.
Hint: Some lines were ellipsized, use -l to show in full.
[root@AKL-1425 ~]# sudo systemctl start owncast
[root@AKL-1425 ~]# sudo systemctl status owncast
● owncast.service - Owncast Service
Loaded: loaded (/etc/systemd/system/owncast.service; enabled; vendor preset: disabled)
Active: active (running) since Sun 2024-08-04 14:44:46 AEST; 1s ago
Main PID: 29033 (owncast)
Tasks: 43
CGroup: /system.slice/owncast.service
├─29033 /root/owncast/owncast
└─29049 ./ffmpeg -hide_banner -loglevel warning -fflags +genpts -flags +cgop -i ./data/tmp/offline.ts812...

Aug 04 14:44:46 AKL-1425 systemd[1]: Started Owncast Service.
Aug 04 14:44:47 AKL-1425 owncast[29033]: time="2024-08-04T14:44:47+10:00" level=info msg="Owncast v0.1.3-linux...a5c)"
Aug 04 14:44:47 AKL-1425 owncast[29033]: time="2024-08-04T14:44:47+10:00" level=info msg="Web server is listen...080."
Aug 04 14:44:47 AKL-1425 owncast[29033]: time="2024-08-04T14:44:47+10:00" level=info msg="Configure this serve...min."
Hint: Some lines were ellipsized, use -l to show in full.
[root@AKL-1425 ~]# caddy reverse-proxy --from [stream.technoharshu.com](http://stream.technoharshu.com/) --to 127.0.0.1:8080
2024/08/04 04:45:12.682 WARN    admin   admin endpoint disabled
2024/08/04 04:45:12.682 INFO    http.auto_https server is listening only on the HTTPS port but has no TLS connection policies; adding one to enable TLS       {"server_name": "proxy", "https_port": 443}
2024/08/04 04:45:12.682 INFO    http.auto_https enabling automatic HTTP->HTTPS redirects        {"server_name": "proxy"}
2024/08/04 04:45:12.682 INFO    tls.cache.maintenance   started background certificate maintenance      {"cache": "0xc0005dc380"}
2024/08/04 04:45:12.683 INFO    http    enabling HTTP/3 listener        {"addr": ":443"}
2024/08/04 04:45:12.684 INFO    http.log        server running  {"name": "proxy", "protocols": ["h1", "h2", "h3"]}
2024/08/04 04:45:12.684 INFO    http.log        server running  {"name": "remaining_auto_https_redirects", "protocols": ["h1", "h2", "h3"]}
2024/08/04 04:45:12.684 INFO    http    enabling automatic TLS certificate management   {"domains": ["[stream.technoharshu.com](http://stream.technoharshu.com/)"]}
Caddy proxying [https://stream.technoharshu.com](https://stream.technoharshu.com/) -> 127.0.0.1:8080
2024/08/04 04:45:12.685 INFO    tls.obtain      acquiring lock  {"identifier": "[stream.technoharshu.com](http://stream.technoharshu.com/)"}
2024/08/04 04:45:12.687 INFO    tls.obtain      lock acquired   {"identifier": "[stream.technoharshu.com](http://stream.technoharshu.com/)"}
2024/08/04 04:45:12.687 WARN    tls     storage cleaning happened too recently; skipping for now        {"storage": "FileStorage:/root/.local/share/caddy", "instance": "7fbea640-c394-4207-9b25-3faeda85f2f3", "try_again": "2024/08/05 04:45:12.687", "try_again_in": 86399.999999556}
2024/08/04 04:45:12.687 INFO    tls     finished cleaning storage units
2024/08/04 04:45:12.687 INFO    tls.obtain      obtaining certificate   {"identifier": "[stream.technoharshu.com](http://stream.technoharshu.com/)"}
2024/08/04 04:45:12.688 INFO    http    waiting on internal rate limiter        {"identifiers": ["[stream.technoharshu.com](http://stream.technoharshu.com/)"], "ca": "https://acme-v02.api.letsencrypt.org/directory", "account": ""}
2024/08/04 04:45:12.688 INFO    http    done waiting on internal rate limiter   {"identifiers": ["[stream.technoharshu.com](http://stream.technoharshu.com/)"], "ca": "https://acme-v02.api.letsencrypt.org/directory", "account": ""}
2024/08/04 04:45:14.331 INFO    http.acme_client        trying to solve challenge       {"identifier": "[stream.technoharshu.com](http://stream.technoharshu.com/)", "challenge_type": "tls-alpn-01", "ca": "https://acme-v02.api.letsencrypt.org/directory"}
2024/08/04 04:45:15.054 ERROR   http.acme_client        challenge failed        {"identifier": "[stream.technoharshu.com](http://stream.technoharshu.com/)", "challenge_type": "tls-alpn-01", "problem": {"type": "urn:ietf:params:acme:error:unauthorized", "title": "", "detail": "Cannot negotiate ALPN protocol \"acme-tls/1\" for tls-alpn-01 challenge", "instance": "", "subproblems": []}}
2024/08/04 04:45:15.054 ERROR   http.acme_client        validating authorization        {"identifier": "[stream.technoharshu.com](http://stream.technoharshu.com/)", "problem": {"type": "urn:ietf:params:acme:error:unauthorized", "title": "", "detail": "Cannot negotiate ALPN protocol \"acme-tls/1\" for tls-alpn-01 challenge", "instance": "", "subproblems": []}, "order": "https://acme-v02.api.letsencrypt.org/acme/order/1872298357/293269300527", "attempt": 1, "max_attempts": 3}
2024/08/04 04:45:16.665 INFO    http.acme_client        trying to solve challenge       {"identifier": "[stream.technoharshu.com](http://stream.technoharshu.com/)", "challenge_type": "http-01", "ca": "https://acme-v02.api.letsencrypt.org/directory"}
2024/08/04 04:45:17.394 ERROR   http.acme_client        challenge failed        {"identifier": "[stream.technoharshu.com](http://stream.technoharshu.com/)", "challenge_type": "http-01", "problem": {"type": "urn:ietf:params:acme:error:unauthorized", "title": "", "detail": "2606:4700:10::ac43:d24: Invalid response from http://stream.technoharshu.com/.well-known/acme-challenge/ta3l2dZJCPAHDCfR1LiEeHEoX6dhxDt1deMn8jRyh2k: 523", "instance": "", "subproblems": []}}
2024/08/04 04:45:17.394 ERROR   http.acme_client        validating authorization        {"identifier": "[stream.technoharshu.com](http://stream.technoharshu.com/)", "problem": {"type": "urn:ietf:params:acme:error:unauthorized", "title": "", "detail": "2606:4700:10::ac43:d24: Invalid response from http://stream.technoharshu.com/.well-known/acme-challenge/ta3l2dZJCPAHDCfR1LiEeHEoX6dhxDt1deMn8jRyh2k: 523", "instance": "", "subproblems": []}, "order": "https://acme-v02.api.letsencrypt.org/acme/order/1872298357/293269309697", "attempt": 2, "max_attempts": 3}
2024/08/04 04:45:17.394 ERROR   tls.obtain      could not get certificate from issuer   {"identifier": "[stream.technoharshu.com](http://stream.technoharshu.com/)", "issuer": "acme-v02.api.letsencrypt.org-directory", "error": "HTTP 403 urn:ietf:params:acme:error:unauthorized - 2606:4700:10::ac43:d24: Invalid response from http://stream.technoharshu.com/.well-known/acme-challenge/ta3l2dZJCPAHDCfR1LiEeHEoX6dhxDt1deMn8jRyh2k: 523"}
2024/08/04 04:45:17.395 INFO    http    waiting on internal rate limiter        {"identifiers": ["[stream.technoharshu.com](http://stream.technoharshu.com/)"], "ca": "https://acme.zerossl.com/v2/DV90", "account": "[caddy@zerossl.com](mailto:caddy@zerossl.com)"}
2024/08/04 04:45:17.395 INFO    http    done waiting on internal rate limiter   {"identifiers": ["[stream.technoharshu.com](http://stream.technoharshu.com/)"], "ca": "https://acme.zerossl.com/v2/DV90", "account": "[caddy@zerossl.com](mailto:caddy@zerossl.com)"}
^C2024/08/04 04:45:19.311       INFO    shutting down   {"signal": "SIGINT"}
2024/08/04 04:45:19.311 WARN    exiting; byeee!! 👋     {"signal": "SIGINT"}
2024/08/04 04:45:19.311 INFO    http    servers shutting down with eternal grace period
2024/08/04 04:45:19.312 WARN    http.acme_client        HTTP request failed; retrying   {"url": "https://acme.zerossl.com/v2/DV90/newNonce", "error": "performing request: Head \"[https://acme.zerossl.com/v2/DV90/newNonce\\](https://acme.zerossl.com/v2/DV90/newNonce%5C%5C)": context canceled"}
2024/08/04 04:45:19.312 INFO    shutdown complete       {"signal": "SIGINT", "exit_code": 0}
[root@AKL-1425 ~]# sudo yum update httpd
Loaded plugins: aliases, fastestmirror, langpacks, product-id, protectbase, search-disabled-repos, subscription-
: manager

This system is not registered with an entitlement server. You can use subscription-manager to register.

Loading mirror speeds from cached hostfile
Could not retrieve mirrorlist http://mirrorlist.centos.org/?release=7&arch=x86_64&repo=os&infra=stock error was
14: curl#6 - "Could not resolve host: [mirrorlist.centos.org](http://mirrorlist.centos.org/); Unknown error"
Could not retrieve mirrorlist [http://mirrorlist.centos.org?arch=x86_64&release=7&repo=sclo-rh](http://mirrorlist.centos.org/?arch=x86_64&release=7&repo=sclo-rh) error was
14: curl#6 - "Could not resolve host: [mirrorlist.centos.org](http://mirrorlist.centos.org/); Unknown error"

One of the configured repositories failed (Unknown),
and yum doesn't have enough cached data to continue. At this point the only
safe thing yum can do is fail. There are a few ways to work "fix" this:

```
 1. Contact the upstream for the repository and get them to fix the problem.

 2. Reconfigure the baseurl/etc. for the repository, to point to a working
    upstream. This is most often useful if you are using a newer
    distribution release than is supported by the repository (and the
    packages for the previous distribution release still work).

 3. Run the command with the repository temporarily disabled
        yum --disablerepo=<repoid> ...

 4. Disable the repository permanently, so yum won't use it by default. Yum
    will then just ignore the repository until you permanently enable it
    again or use --enablerepo for temporary usage:

        yum-config-manager --disable <repoid>
    or
        subscription-manager repos --disable=<repoid>

 5. Configure the failing repository to be skipped, if it is unavailable.
    Note that yum will try to contact the repo. when it runs most commands,
    so will have to try and fail each time (and thus. yum will be be much
    slower). If it is a very temporary problem though, this is often a nice
    compromise:

        yum-config-manager --save --setopt=<repoid>.skip_if_unavailable=true

```

Cannot find a valid baseurl for repo: centos-sclo-rh/x86_64
[root@AKL-1425 ~]# sudo yum install httpd
Loaded plugins: aliases, fastestmirror, langpacks, product-id, protectbase, search-disabled-repos, subscription-
: manager

This system is not registered with an entitlement server. You can use subscription-manager to register.

Loading mirror speeds from cached hostfile
Could not retrieve mirrorlist http://mirrorlist.centos.org/?release=7&arch=x86_64&repo=os&infra=stock error was
14: curl#6 - "Could not resolve host: [mirrorlist.centos.org](http://mirrorlist.centos.org/); Unknown error"
Could not retrieve mirrorlist [http://mirrorlist.centos.org?arch=x86_64&release=7&repo=sclo-rh](http://mirrorlist.centos.org/?arch=x86_64&release=7&repo=sclo-rh) error was
